// Jest Snapshot v1, https://goo.gl/fbAQLP

exports[`KeypadDecimal renders 1`] = `
<button
  className="mdc-button mdc-button--outlined keypadButton"
  data-testid="keypad-decimal"
  onClick={[Function]}
  style={
    Object {
      "gridArea": "keypad-decimal",
    }
  }
>
  <span
    className="mdc-button__ripple"
  />
  <span
    className="mdc-button__label"
  >
    .
  </span>
</button>
`;
