// Jest Snapshot v1, https://goo.gl/fbAQLP

exports[`Keypad5 renders 1`] = `
<button
  className="mdc-button mdc-button--outlined keypadButton"
  data-testid="keypad-5"
  onClick={[Function]}
  style={
    Object {
      "gridArea": "keypad-5",
    }
  }
>
  <span
    className="mdc-button__ripple"
  />
  <span
    className="mdc-button__label"
  >
    5
  </span>
</button>
`;
