// Jest Snapshot v1, https://goo.gl/fbAQLP

exports[`KeypadAdd renders 1`] = `
<button
  className="mdc-button mdc-button--outlined keypadButton"
  data-testid="keypad-add"
  onClick={[Function]}
  style={
    Object {
      "gridArea": "keypad-add",
    }
  }
>
  <span
    className="mdc-button__ripple"
  />
  <span
    className="mdc-button__label"
  >
    +
  </span>
</button>
`;
