// Jest Snapshot v1, https://goo.gl/fbAQLP

exports[`Keypad6 renders 1`] = `
<button
  className="mdc-button mdc-button--outlined keypadButton"
  data-testid="keypad-6"
  onClick={[Function]}
  style={
    Object {
      "gridArea": "keypad-6",
    }
  }
>
  <span
    className="mdc-button__ripple"
  />
  <span
    className="mdc-button__label"
  >
    6
  </span>
</button>
`;
