// Jest Snapshot v1, https://goo.gl/fbAQLP

exports[`Result renders 1`] = `
<div
  className="result result"
  data-testid="result"
>
  42
</div>
`;

exports[`Result update value 1`] = `
<div
  className="result result"
  data-testid="result"
>
  69
</div>
`;
